{"required-targets":["//lib:gen","other_cell//:gen"],"xcconfig-paths":["buck-out/gen/lib/lib#default,static-Debug.xcconfig","buck-out/gen/lib/lib#default,static-Profile.xcconfig","buck-out/gen/lib/lib#default,static-Release.xcconfig"],"copy-in-xcode":[]}